007E00 .fa1boxtxt00
007A22 .uitxt_filenamebox
007A0B .uitxt_samplebox
0079C4 .tvboxtxt63
00797D .tvboxtxt62
007936 .tvboxtxt61
0078EF .tvboxtxt60
0078A8 .tvboxtxt59
007861 .tvboxtxt58
00781A .tvboxtxt57
0077D3 .tvboxtxt56
00778C .tvboxtxt55
007745 .tvboxtxt54
0076FE .tvboxtxt53
0076B7 .tvboxtxt52
007670 .tvboxtxt51
007629 .tvboxtxt50
0075E2 .tvboxtxt49
00759B .tvboxtxt48
007554 .tvboxtxt47
00750D .tvboxtxt46
0074C6 .tvboxtxt45
00747F .tvboxtxt44
007438 .tvboxtxt43
0073F1 .tvboxtxt42
0073AA .tvboxtxt41
007363 .tvboxtxt40
00731C .tvboxtxt39
0072D5 .tvboxtxt38
00728E .tvboxtxt37
007247 .tvboxtxt36
007200 .tvboxtxt35
0071B9 .tvboxtxt34
007172 .tvboxtxt33
00712B .tvboxtxt32
0070E4 .tvboxtxt31
00709D .tvboxtxt30
007056 .tvboxtxt29
00700F .tvboxtxt28
006FC8 .tvboxtxt27
006F81 .tvboxtxt26
006F3A .tvboxtxt25
006EF3 .tvboxtxt24
006EAC .tvboxtxt23
006E65 .tvboxtxt22
006E1E .tvboxtxt21
006DD7 .tvboxtxt20
006D90 .tvboxtxt19
006D49 .tvboxtxt18
006D02 .tvboxtxt17
006CBB .tvboxtxt16
006C74 .tvboxtxt15
006C2D .tvboxtxt14
006BE6 .tvboxtxt13
006B9F .tvboxtxt12
006B58 .tvboxtxt11
006B11 .tvboxtxt10
006ACA .tvboxtxt9
006A83 .tvboxtxt8
006A3C .tvboxtxt7
0069F5 .tvboxtxt6
0069AE .tvboxtxt5
006967 .tvboxtxt4
006920 .tvboxtxt3
0068D9 .tvboxtxt2
006892 .tvboxtxt1
00684B .tvboxtxt0
0067C9 .tvboxtxt
0067B1 .la1boxtxt31
006799 .la1boxtxt30
006781 .la1boxtxt29
006769 .la1boxtxt28
006751 .la1boxtxt27
006739 .la1boxtxt26
006721 .la1boxtxt25
006709 .la1boxtxt24
0066F1 .la1boxtxt23
0066D9 .la1boxtxt22
0066C1 .la1boxtxt21
0066A9 .la1boxtxt20
006691 .la1boxtxt19
006679 .la1boxtxt18
006661 .la1boxtxt17
006649 .la1boxtxt16
006631 .la1boxtxt15
006619 .la1boxtxt14
006601 .la1boxtxt13
0065E9 .la1boxtxt12
0065D1 .la1boxtxt11
0065B9 .la1boxtxt10
0065A1 .la1boxtxt9
006589 .la1boxtxt8
006571 .la1boxtxt7
006559 .la1boxtxt6
006541 .la1boxtxt5
006529 .la1boxtxt4
006511 .la1boxtxt3
0064F9 .la1boxtxt2
0064E1 .la1boxtxt1
0064C9 .la1boxtxt0
006487 .la1boxtxt
006481 .uitxt_paddley
00647B .uitxt_paddlex
006472 .uitxt_radiobutton
006469 .uitxt_checkbox
006457 .uitxt_status
006453 .uitxt_bpm
00644C .uitxt_sample
006447 .uitxt_edit
00643F .uitxt_samples
006433 .uitxt_instruments
00642D .uitxt_songs
006423 .uitxt_repeatlen
00641C .uitxt_repeat
006415 .uitxt_length
00640E .uitxt_volume
006405 .uitxt_finetune
006400 .uitxt_save
006325 .userfunc_openfile
007A41 .fa1directorytxt
007B00 .fa1boxtxt
00631F .filebox1_functions
006315 .fa1scrollbar_functions
00630F .fv1_data
0062E2 .fv1filebox
0062FB .fa1scrollbar_data
0062C9 .fa1scrollbartrack
006305 .fa1filebox_data
0062B1 .fa1filebox
0062E2 .fatarea1elements
006298 .fv1nineslice
0062B1 .filearea1elements
006280 .fa1nineslice
006280 .window0area
006267 .ui_windows0
006267 .windows
00624E .root
0061A7 .uigroup_update
0060F3 .uitab_drawlabel
006071 .uitab_drawactive
0060B2 .uitab_drawinactive
005F80 .uitextbox_drawreleased
005F5E .uitextbox_drawbkgreleased
005F31 .end
005F30 .negtive
005EFE .end
005EFD .negtive
005EC5 .end
005EC4 .negtive
005E93 .end
005E92 .negtive
005E1E .uitextbox_backspacetext
005E67 .uitextbox_decreasecursorxpos
005FAA .uitextbox_updatecursor
005E7D .uitextbox_confine_cursor
005E51 .uitextbox_increasecursorxpos
005DBE .uitextbox_inserttext
005D3F .uitextbox_keypress_alphanumericpunctuation
005D32 .uitextbox_keypress_noncontrol
005D43 .uitextbox_keypress_control
005CD4 .uitextbox_resetqvalues
005CCC .uitextbox_denominator
005CC4 .uitextbox_numerator
005CBC .uitextbox_boxwidth
005CB4 .uitextbox_startpos
005CB0 .uitextbox_cursorpos
005CA8 .uitextbox_textlength
005BB7 .uifilebox_drawemptyline
005B30 .uifilebox_drawfile
005B8C .uifilebox_drawdirectory
005BDA .ufb_fontcolour
005BD9 .ufb_font
005AB0 .uifilebox_drawlistreleased_loop
0059D2 .uifilebox_processdirentry
0059B4 .uifilebox_confine
0059B0 .uifilebox_decrease_selection
0059AC .uifilebox_increase_selection
00596D .uifilebox_getstringptr
005A5B .uifilebox_drawlistreleased
005969 .uifilebox_endaddentries
0059B8 .uifilebox_processdirentry_file
0059C5 .uifilebox_processdirentry_directory
005965 .uifilebox_startaddentries
005928 .uifilebox_keypress_end
00592D .uifilebox_opendir
005902 .uifilebox_filenameextensionpos
0058FE .uifilebox_numerator
0058FC .uifilebox_current_draw_posx2
0058FA .uifilebox_current_draw_pos
0058F8 .uifilebox_startpos
0058F6 .uifilebox_selected_index
0058C3 .uilistbox_drawlistitem_skipbox
005842 .uilistbox_drawlistitem
00581E .uilistbox_drawemptyline
0058F5 .ulb_fontcolour
0058F4 .ulb_font
0057C7 .end
0057C6 .notsame
0056F9 .uilistbox_getstringptr
0056EF .uilistbox_endaddentries
0056C6 .uilistbox_addentry
005693 .uilistbox_startaddentries
00566D .end
00566C .negtive
00563A .end
005639 .negtive
0055FC .end
0055FB .negtive
0055C5 .end
0055C4 .negtive
00555E .uilistbox_setselectedindex
0057A3 .uilistbox_drawlistreleased
005750 .uilistbox_startdrawlistreleased
005724 .uilistbox_drawbkgreleased
005594 .uilistbox_decrease_selection
0055AA .uilistbox_confine
00557E .uilistbox_increase_selection
0054BD .uilistbox_resetqvalues
0054B9 .uilistbox_denominator
0054B5 .uilistbox_numerator
0054B1 .uilistbox_current_draw_posx2
0054AD .uilistbox_current_draw_pos
0054A9 .uilistbox_listheight
0054A5 .uilistbox_numentries
0054A1 .uilistbox_startpos
00549D .uilistbox_selected_index
00541B .uinineslice_drawreleased
0053B8 .uislider_draw_released_puck
00538C .uislider_draw_released
005335 .end
00532B .plus
005319 .nnegtive
005314 .negtive
005308 .end
0052FE .pos
0052E7 .end
0052DD .pos
0052C6 .end
0052BD .plus
0052AC .nnegtive
0052A7 .negtive
00526F .end
005265 .pos
00524E .end
005244 .pos
005161 .end
005160 .negtive
00513C .end
00513B .negtive
005103 .end
005102 .negtive
0050EA .uiscrolltrack_confine
0050C4 .end
0050BA .plus
0050A8 .nnegtive
0050A3 .negtive
005097 .end
00508D .pos
005076 .end
00506C .pos
005055 .end
00504C .plus
00503B .nnegtive
005036 .negtive
004FFE .end
004FF4 .pos
004FDD .end
004FD3 .pos
0051D8 .uiscrolltrack_draw_released_puck
005171 .uiscrolltrack_draw_released
004F1C .uiscrolltrack_resetqvalues
004F18 .uiscrolltrack_denominator
004F14 .uiscrolltrack_numerator
004F10 .uiscrolltrack_listheight
004F0C .uiscrolltrack_height
004F08 .uiscrolltrack_numentries
004F04 .uiscrolltrack_startpos
004E4A .uicnumericbutton_storevalue
004DFB .uicnumericbutton_increase
004E89 .uicnumericbutton_redraw
004E15 .uicnumericbutton_decrease
004D97 .uicnumericbutton_temp
004D96 .uicnumericbutton_valuetoaddsubtract
004D92 .uicnumericbutton_numberofbytes
004C90 .uicbutton_draw_pressed
004C0C .uicbutton_draw_released
004A93 .uiglyphbutton_drawreleased
004A1F .uiglyphbutton_colour
0049C5 .uibutton_draw_pressed
0049F2 .uibutton_draw_released
004926 .uihexlabel_numberofbytes
0048AF .uecusf5
0048B5 .uielement_calluserfunc_end
0048A7 .uecusf4
0048A0 .uecusf3
004896 .uecusf2
004890 .uecusf1
00485F .uielement_calluserfunc
00484E .uecuf5
004854 .uielement_calluifunc_end
004846 .uecuf4
00483F .uecuf3
004835 .uecuf2
00482F .uecuf1
0047FE .uielement_calluifunc
0047FC .rzpptr0
00472A .uikeyboard_handle_release
0046C8 .ukb_handlereleaseeventloop
00469E .ukhe_handlechildren
004719 .uikeyboard_handle_press
004672 .ukb_handlepressedeventloop
00466D .ukb_handlepressedevent_recursive
0046C3 .ukb_handlereleaseevent_recursive
004652 .uikeyboard_handlepressevent
004637 .uikeyboard_handlereleaseevent
0045B2 .uikeyboard_setcursorpos
0045A9 .uikeyboard_enablecursor
004593 .uikeyboard_cursorypos_plusborder
004591 .uikeyboard_cursorxpos_plusborder
00458F .uikeyboard_cursorypos
00458D .uikeyboard_cursorxpos
004560 .uimouse_calculate_pospressed_in_uielement
004535 .uimouse_calculate_pos_in_uielement
0045A0 .uikeyboard_disablecursor
00452E .uimouse_checkflags
0044BE .uimouse_handle_release
00450D .uimouse_handle_press
00447D .uimhe_notpressed
004524 .uimouse_handle_longpress
004473 .uimh_notlongpressed
0044ED .uimouse_handle_doubleclick
004469 .uimh_notdoubleclicked
0044AA .uimouse_handle_move
00445F .uimhe_notmoved
00445B .uimhe_mouse_moved
004485 .uimhe_handle_children
0044B4 .uimouse_handle_enter
00442A .uimhe_notentered
00441F .uimhe_entered
0043F2 .uimhe_loop_prehoverwindows
0043A9 .uimouse_handle_event_loop
004354 .uimouse_test_minmax
0043A4 .uimouse_handle_event
004439 .uimhe_handle_captured
004298 .uimouse_update_sprite
004286 .uimouse_disablecursor
004279 .uimouse_captured_element
004179 .uimouse_prevhoverwindows
004079 .uimouse_hoverwindows
004077 .uimouse_uielement_ypos_pressed
004075 .uimouse_uielement_xpos_pressed
004073 .uimouse_uielement_ypos
004071 .uimouse_uielement_xpos
003FF3 .uidebug_drawelement
003FF2 .uidebug_debugcolour
003F7E .hextodec_normalized
003F6E .hextodec
004621 .uikeyboard_update
0042E4 .uimouse_update
003F4A .ueqe1
003F2B .ui_eventqueue_execute
003F08 .ui_eventqueue_add
003E08 .ui_eventqueue
003E06 .ui_eventqueue_function
003E04 .ui_eventqueue_element
003E03 .ui_eventqueue_index
003DA7 .ui_draw_window_loop
003D3C .ui_layout_window_loop
003CE3 .ui_setflags_recursive_loop
003CDE .ui_setflags_recursive
003CAB .ui_setflags
003C4F .ui_setselectiveflags_recursive_loop
003C49 .tabdrawend
003C08 .tabdrawloop
003C4A .ui_setselectiveflags_recursive
003C03 .tabflagend
003BAC .tabflagloop
003B6C .ui_setselectiveflags
003B3B .uistack_popparent
003B0A .uistack_pushparent
003B09 .ui_setflagindex
003B08 .ui_currentflag
003B07 .ui_flagtoclear
003B06 .ui_flagtoset
003A06 .uistack
003A05 .uistackptr
003A02 .uielement_temp
003A01 .uielement_prevhoverwindowcounter
0039FF .uielement_counter
0039FE .uielementlist_counter
0039FC .uielement_parent_ptr
0039FA .uielementlist_ptr
003DA2 .ui_draw_windows
003D37 .ui_layout_windows
003A00 .uielement_hoverwindowcounter
00458B .uikeyboard_focuselement
0039F8 .uielement_ptr
00624E .ui_root1
00398C .ntsc
003996 .pal
0039A8 .verticalcenter
004595 .uikeyboard_init
00427B .uimouse_init
00428F .uimouse_enablecursor
003839 .uidraw_deflate
003830 .uidraw_resetoffsets
003FC0 .times160tablehi
003F8E .times160tablelo
0037B5 .uidraw_set_draw_position
00379A .uidraw_increase_row
00386D .clearscreenjob
003775 .uidraw_clearscreen
003774 .uidraw_ydeflate
003773 .uidraw_xdeflate
003772 .uidraw_yposoffset
003771 .uidraw_xposoffset
003770 .uidraw_height
00376F .uidraw_width
00376E .uidraw_ypos
00376D .uidraw_xpos
003728 .uirect_deflate
003A04 .uielement_layoutypos
003A03 .uielement_layoutxpos
003692 .uirect_calcminmax
003691 .uirect_ydeflate
003690 .uirect_xdeflate
003590 .ui_bkgtextremap
003490 .ui_textremap
00347F .ui_getelementdataptr_tmp
003464 .ui_getelementdata_2
00624A .uifatview_keyrelease
0061DF .uidivider_keyrelease
0061A6 .uigroup_keyrelease
006020 .uitab_keyrelease
005D78 .uitextbox_keyrelease
005C76 .uiimage_keyrelease
005C35 .uiradiobutton_keyrelease
005BE8 .uicheckbox_keyrelease
005929 .uifilebox_keyrelease
005542 .uilistbox_keyrelease
00541A .uinineslice_keyrelease
0053D8 .uilabel_keyrelease
005364 .uislider_keyrelease
004F59 .uiscrolltrack_keyrelease
004DB3 .uicnumericbutton_keyrelease
004D40 .uictextbutton_keyrelease
004B7D .uicbutton_keyrelease
004A83 .uiglyphbutton_keyrelease
0049C4 .uibutton_keyrelease
004997 .uiwindow_keyrelease
004931 .uihexlabel_keyrelease
004925 .uidebugelement_keyrelease
0048F1 .uiroot_keyrelease
0047FB .uielement_keyrelease
003432 .uieventptrs_keyrelease
00341F .uievent_keyrelease
006246 .uifatview_keypress
0061DF .uidivider_keypress
0061A5 .uigroup_keypress
00601F .uitab_keypress
005D28 .uitextbox_keypress
005C75 .uiimage_keypress
005C34 .uiradiobutton_keypress
005BE7 .uicheckbox_keypress
00591B .uifilebox_keypress
005523 .uilistbox_keypress
005419 .uinineslice_keypress
0053D7 .uilabel_keypress
005364 .uislider_keypress
004F58 .uiscrolltrack_keypress
004DB2 .uicnumericbutton_keypress
004D30 .uictextbutton_keypress
004B7C .uicbutton_keypress
004A73 .uiglyphbutton_keypress
0049C3 .uibutton_keypress
004996 .uiwindow_keypress
004930 .uihexlabel_keypress
004924 .uidebugelement_keypress
0048ED .uiroot_keypress
0047FA .uielement_keypress
0033ED .uieventptrs_keypress
0033DA .uievent_keypress
006242 .uifatview_move
0061DF .uidivider_move
0061A4 .uigroup_move
00601E .uitab_move
005D27 .uitextbox_move
005C74 .uiimage_move
005C33 .uiradiobutton_move
005BE6 .uicheckbox_move
005917 .uifilebox_move
00551C .uilistbox_move
005418 .uinineslice_move
0053D6 .uilabel_move
005357 .uislider_move
004F4F .uiscrolltrack_move
004DB1 .uicnumericbutton_move
004D2F .uictextbutton_move
004B7B .uicbutton_move
004A72 .uiglyphbutton_move
0049C2 .uibutton_move
004995 .uiwindow_move
00492F .uihexlabel_move
004923 .uidebugelement_move
0048E9 .uiroot_move
0047F9 .uielement_move
0033A8 .uieventptrs_move
003395 .uievent_move
00623A .uifatview_doubleclick
0061DF .uidivider_doubleclick
0061A2 .uigroup_doubleclick
006023 .uitab_doubleclick
005DBC .uitextbox_doubleclick
005C79 .uiimage_doubleclick
005C38 .uiradiobutton_doubleclick
005C0F .uicheckbox_doubleclick
00595A .uifilebox_doubleclick
00551F .uilistbox_doubleclick
005416 .uinineslice_doubleclick
0053DB .uilabel_doubleclick
005364 .uislider_doubleclick
004F5A .uiscrolltrack_doubleclick
004DFA .uicnumericbutton_doubleclick
004D55 .uictextbutton_doubleclick
004BF8 .uicbutton_doubleclick
004A63 .uiglyphbutton_doubleclick
0049B7 .uibutton_doubleclick
004993 .uiwindow_doubleclick
004973 .uihexlabel_doubleclick
004921 .uidebugelement_doubleclick
0048E1 .uiroot_doubleclick
0047EF .uielement_doubleclick
003363 .uieventptrs_doubleclick
003350 .uievent_doubleclick
00623E .uifatview_release
0061DB .uidivider_release
0061A3 .uigroup_release
006122 .uitab_release
005DBD .uitextbox_release
005C7A .uiimage_release
005C5B .uiradiobutton_release
005C10 .uicheckbox_release
00595E .uifilebox_release
005557 .uilistbox_release
005417 .uinineslice_release
0053DC .uilabel_release
005360 .uislider_release
004F5B .uiscrolltrack_release
004DF9 .uicnumericbutton_release
004D8B .uictextbutton_release
004BF9 .uicbutton_release
004A64 .uiglyphbutton_release
0049BB .uibutton_release
004994 .uiwindow_release
004974 .uihexlabel_release
004922 .uidebugelement_release
0048E5 .uiroot_release
0047F0 .uielement_release
00331E .uieventptrs_release
00330B .uievent_release
006239 .uifatview_longpress
0061DF .uidivider_longpress
0061A1 .uigroup_longpress
006022 .uitab_longpress
005DBB .uitextbox_longpress
005C78 .uiimage_longpress
005C37 .uiradiobutton_longpress
005C0E .uicheckbox_longpress
005959 .uifilebox_longpress
00551E .uilistbox_longpress
005415 .uinineslice_longpress
0053DA .uilabel_longpress
005364 .uislider_longpress
004F4A .uiscrolltrack_longpress
004DD6 .uicnumericbutton_longpress
004D54 .uictextbutton_longpress
004BF7 .uicbutton_longpress
004A62 .uiglyphbutton_longpress
0049B6 .uibutton_longpress
004992 .uiwindow_longpress
004972 .uihexlabel_longpress
004920 .uidebugelement_longpress
0048E0 .uiroot_longpress
0047EE .uielement_longpress
0032D9 .uieventptrs_longpress
0032C6 .uievent_longpress
006238 .uifatview_press
0061DF .uidivider_press
0061A0 .uigroup_press
006021 .uitab_press
005D79 .uitextbox_press
005C77 .uiimage_press
005C36 .uiradiobutton_press
005C0D .uicheckbox_press
005955 .uifilebox_press
00551D .uilistbox_press
005414 .uinineslice_press
0053D9 .uilabel_press
00536C .uislider_press
004F66 .uiscrolltrack_press
004DB4 .uicnumericbutton_press
004D50 .uictextbutton_press
004BF3 .uicbutton_press
004A56 .uiglyphbutton_press
0049AA .uibutton_press
004991 .uiwindow_press
004971 .uihexlabel_press
00491F .uidebugelement_press
0048DF .uiroot_press
0047E2 .uielement_press
003294 .uieventptrs_press
003281 .uievent_press
006226 .uifatview_leave
0061D7 .uidivider_leave
00616C .uigroup_leave
00601D .uitab_leave
005D26 .uitextbox_leave
005C73 .uiimage_leave
005C32 .uiradiobutton_leave
005BE2 .uicheckbox_leave
005913 .uifilebox_leave
00551B .uilistbox_leave
00540C .uinineslice_leave
0053D5 .uilabel_leave
005353 .uislider_leave
004F4B .uiscrolltrack_leave
004DB0 .uicnumericbutton_leave
004D2B .uictextbutton_leave
004B74 .uicbutton_leave
004A2D .uiglyphbutton_leave
00499F .uibutton_leave
00498F .uiwindow_leave
00492E .uihexlabel_leave
00490A .uidebugelement_leave
0048DA .uiroot_leave
0047E0 .uielement_leave
00324F .uieventptrs_leave
00323C .uievent_leave
006222 .uifatview_enter
0061DF .uidivider_enter
006168 .uigroup_enter
00601C .uitab_enter
005D25 .uitextbox_enter
005C72 .uiimage_enter
005C31 .uiradiobutton_enter
005BE1 .uicheckbox_enter
00590F .uifilebox_enter
00551A .uilistbox_enter
005408 .uinineslice_enter
0053D4 .uilabel_enter
005364 .uislider_enter
004F49 .uiscrolltrack_enter
004DAC .uicnumericbutton_enter
004D27 .uictextbutton_enter
004B70 .uicbutton_enter
004A29 .uiglyphbutton_enter
00499E .uibutton_enter
00498E .uiwindow_enter
00492D .uihexlabel_enter
0048FE .uidebugelement_enter
0048D6 .uiroot_enter
0047C9 .uielement_enter
00320A .uieventptrs_enter
0031F7 .uievent_enter
00621E .uifatview_focus
0061DF .uidivider_focus
006164 .uigroup_focus
00601B .uitab_focus
005D24 .uitextbox_focus
005C71 .uiimage_focus
005C30 .uiradiobutton_focus
005BE0 .uicheckbox_focus
00590B .uifilebox_focus
005519 .uilistbox_focus
005404 .uinineslice_focus
0053D3 .uilabel_focus
005364 .uislider_focus
004F48 .uiscrolltrack_focus
004DAB .uicnumericbutton_focus
004D26 .uictextbutton_focus
004B6F .uicbutton_focus
004A25 .uiglyphbutton_focus
00499D .uibutton_focus
00498A .uiwindow_focus
00492C .uihexlabel_focus
0048FA .uidebugelement_focus
0048D2 .uiroot_focus
0047C8 .uielement_focus
0031C5 .uieventptrs_focus
0031B2 .uievent_focus
00621D .uifatview_hide
0061DF .uidivider_hide
006163 .uigroup_hide
00601A .uitab_hide
005D23 .uitextbox_hide
005C70 .uiimage_hide
005C2F .uiradiobutton_hide
005BDF .uicheckbox_hide
00590A .uifilebox_hide
005518 .uilistbox_hide
005403 .uinineslice_hide
0053D2 .uilabel_hide
005364 .uislider_hide
004F47 .uiscrolltrack_hide
004DAA .uicnumericbutton_hide
004D25 .uictextbutton_hide
004B6E .uicbutton_hide
004A24 .uiglyphbutton_hide
00499C .uibutton_hide
004986 .uiwindow_hide
00492B .uihexlabel_hide
0048F9 .uidebugelement_hide
0048D1 .uiroot_hide
00478C .uielement_hide
003180 .uieventptrs_hide
00316D .uievent_hide
00622A .uifatview_draw
0061E0 .uidivider_draw
006170 .uigroup_draw
006024 .uitab_draw
005F57 .uitextbox_draw
005C7B .uiimage_draw
005C39 .uiradiobutton_draw
005BE9 .uicheckbox_draw
00594E .uifilebox_draw
00554D .uilistbox_draw
005410 .uinineslice_draw
0053DD .uilabel_draw
005365 .uislider_draw
004F5F .uiscrolltrack_draw
004E86 .uicnumericbutton_draw
004D59 .uictextbutton_draw
004B7E .uicbutton_draw
004A31 .uiglyphbutton_draw
0049A6 .uibutton_draw
004990 .uiwindow_draw
004932 .uihexlabel_draw
004916 .uidebugelement_draw
0048DE .uiroot_draw
0047E1 .uielement_draw
00313B .uieventptrs_draw
003128 .uievent_draw
00620C .uifatview_layout
0061D3 .uidivider_layout
006152 .uigroup_layout
006016 .uitab_layout
005D1F .uitextbox_layout
005C6C .uiimage_layout
005C2B .uiradiobutton_layout
005BDB .uicheckbox_layout
005903 .uifilebox_layout
005514 .uilistbox_layout
0053FF .uinineslice_layout
0053CE .uilabel_layout
00534F .uislider_layout
004F43 .uiscrolltrack_layout
004D99 .uicnumericbutton_layout
004D14 .uictextbutton_layout
004B5D .uicbutton_layout
004A20 .uiglyphbutton_layout
004998 .uibutton_layout
004975 .uiwindow_layout
004927 .uihexlabel_layout
0048F5 .uidebugelement_layout
0048C0 .uiroot_layout
00473B .uielement_layout
0030F6 .uieventptrs_layout
0030E3 .uievent_layout
0030C3 .ui_element_indiceshi
0030A3 .ui_element_indiceslo
00309F .q160
00309E .uicounter
002F3F .audiodma_volume
003032 .audiodma_freqh
002FC6 .audiodma_freqm
002F5A .audiodma_freql
002F23 .audiodma_sampleend2
002F1E .audiodma_sampleend1
002F19 .audiodma_samplestart3
002F14 .audiodma_samplestart2
002F0F .audiodma_samplestart1
002F07 .audiodma_playsample
002F06 .audiodma_channel
002EF5 .keyboard_endchecks
002EB7 .keyboard_somethingpressed
002EDC .keyboard_nothingpressed
002EF6 .keyboard_set_keypressed
002E44 .keyboard_testkeysloop
002E24 .keyboard_testmatrixloop
002E22 .keyboard_update
002E16 .keyboard_asciiisnumeric
002E0A .keyboard_asciiisalpha
002DF4 .keyboard_asciiishex
002DA4 .keyboard_toascii
002D54 .keyboard_keytypes
002D4B .keyboard_columnkeys
002D4A .keyboard_keypressedtimer
002D49 .keyboard_releasedeventarg
002D48 .keyboard_pressedeventarg
002D47 .keyboard_shouldsendreleaseevent
002D46 .keyboard_shouldsendpressevent
002D45 .keyboard_prevpressed
002D44 .keyboard_pressed
002D37 .sdc_d81attach0_error
002D1F .sdc_d81attach0
002D1E .sdc_cwd
002D04 .sdc_openfile
002CEA .sdc_chdir
002CC3 .sdc_processdirentryptr
002CCA .sdcod2
002CB9 .sdcod1
002CD7 .sdc_opendir_error
002CA6 .sdc_opendir
002CA2 .sr1
002CA4 .sdisready
002C8A .sdreadytest
002C76 .sdwfrloop
002C7C .sdtimeoutreset
002C6F .redone
002C6F .re2done
002C73 .sd_wait_for_ready
002C67 .re2
002C5D .sdc_resetsequence
002C59 .sdcounter
002C56 .mcd_zero
002C3D .mcd_negative
002C17 .mcynegative
002BF2 .mcxnegative
002B99 .mouse_event_doubleclicked
002B92 .mouse_event_startreleasedtimer
002BD4 .mouse_check_end
002BA0 .mouse_event_pressed
002BFB .mouse_constrain_y
002BDA .mouse_constrain_x
002C20 .mouse_count_delta
002AA1 .mouse_update
002A9F .mouse_longpressedtimer
002A9E .mouse_pressedtimer
002A9D .mouse_doubleclickthreshold
002A9C .mouse_released_timer
002A9B .mouse_doubleclicked
002A9A .mouse_released
002A99 .mouse_longpressed
002A98 .mouse_held
002A97 .mouse_pressed
002A95 .mouse_ypos_pressed
002A93 .mouse_prevypos
002A91 .mouse_ypos
002A8F .mouse_ypos_plusborder
002A8D .mouse_xpos_pressed
002A8B .mouse_prevxpos
002A89 .mouse_xpos
002A87 .mouse_xpos_plusborder
002A86 .mouse_paddley
002A85 .mouse_paddlex
002A84 .mouse_d41a
002A83 .mouse_d419
002A82 .mouse_temp2
002A81 .mouse_temp1
002A61 .mouse_delta_adjust
002A51 .fl_sector_read_dmalist
002A2B .fl_data_read_dmalist
0029C0 .fl_2nd_half_partial_sector
0029CB .fl_2nd_half_full_sector
0029CB .fl_dma_read_bytes
00299F .fl_1st_half_partial_sector
0029AA .fl_1st_half_full_sector
002A32 .fl_read_page
00298C .fl_read_from_first_half
0029AD .fl_read_from_second_half
002A30 .fl_bytes_to_copy
002973 .fl_on_second_side
00294A .fl_logical_to_physical_sector
002943 .fl_not_end_of_file
002938 .fl_step_track
00292C .fl_not_prev_sector
0028F9 .fl_step_out
002902 .fl_step_in
00290B .fl_on_correct_track
0028E0 .fl_load_next_dir_sector
0028CA .fl_checked_both_halves
0028B6 .fl_end_of_name
00293D .fl_read_next_sector
002897 .fl_file_in_2nd_logical_sector
002881 .fl_found_file
0028AD .fl_filename_differs
002873 .fl_check_loop_inner
002871 .fl_filenamecheckloop
00286F .fl_check_logical_sector
002873 .fl_buffaddr
00285C .fl_stop_collect_dir_entries
002832 .fl_cde_checked_both_halves
0027F0 .fl_cde_loop
002A3C .fl_copy_sector_to_buffer
00289E .fl_got_file_track_and_sector
0027E2 .next_entry
0027C4 .fl_fde_loop
0027BC .fl_find_dir_entry
0027BB .fl_char1
0027BA .fl_char0
0027E9 .fl_cde_idx
00280A .fl_cde_buffaddr4
002802 .fl_cde_buffaddr3
0027FA .fl_cde_buffaddr2
0027F2 .fl_cde_buffaddr1
00276F .fl_read_dir_for_ui
0028E4 .fl_read_sector
00274E .fl_select_side0
002743 .fl_select_side1
00273D .fl_not_on_track_0
0027EA .fl_collect_dir_entries
002780 .fl_new_dir_request
0028EF .fl_reading_sector
00272D .fl_seek_track_0
00297D .fl_read_file_block
002862 .fl_directory_scan
002759 .fl_new_request
00272C .fl_idle
00271C .fl_jumptable
002717 .fl_job_ok
002712 .fl_not_in_error_state
00270C .fl_fdc_not_busy
002706 .todo
002600 .fastload_directory_entries
0023C3 .fl_prev_side
0023C2 .fl_prev_sector
0023C1 .fl_prev_track
0023C0 .fl_file_next_sector
0023BF .fl_file_next_track
0023BE .fl_current_track
0023BD .fastload_request_stashed
002400 .fastload_sector_buffer
002368 .fl_waiting_done
00235B .fl_error
0023BC .fastload_request
002700 .fastload_irq
0023B8 .fastload_address
00233A .fl_set_startaddress
0023B7 .fastload_filename_len
002335 .endofname
002326 .filenamecopyloop
0023A7 .fastload_filename
00232B .fl_fnptr
002314 .fl_set_filename
003F6D .ui_user_update
003F5D .ui_update
0022DF .loop
0022E5 .irq1
0039AA .ui_setup
00388E .ui_init
002AA0 .mouse_init
00230E .fl_exit
00234F .fl_waiting
002308 .fl_init
002369 .fastload_irq_handler
00384C .clearcolorramjob
002100 .entry_main
00200F .basicend
